// Vitest Snapshot v1

exports[`Container > Component renders correctly 1`] = `
<div
  aria-expanded={false}
  aria-haspopup="listbox"
  aria-owns="autocomplete-listbox"
  className="query-container-class"
  role="combobox"
  style={
    {
      "display": "inline-block",
      "position": "relative",
    }
  }
>
  <input
    aria-autocomplete="both"
    aria-controls="autocomplete-listbox"
    autoCapitalize="off"
    autoComplete="off"
    autoCorrect="off"
    className="query-class"
    id="autocomplete"
    onBlur={[Function]}
    onFocus={[Function]}
    onInput={[Function]}
    onKeyDown={[Function]}
    placeholder="Type something fruity"
    spellCheck="false"
    style={
      {
        "backgroundColor": "transparent",
        "position": "relative",
        "zIndex": 1,
      }
    }
    type="text"
  />
  <input
    aria-hidden="true"
    autoCapitalize="off"
    autoComplete="off"
    autoCorrect="off"
    className="typeahead-class"
    readOnly="readonly"
    spellCheck="false"
    style={
      {
        "left": 0,
        "position": "absolute",
        "top": 0,
        "zIndex": 0,
      }
    }
    tabIndex="-1"
    type="text"
  />
</div>
`;
