// Vitest Snapshot v1

exports[`Listbox > Component renders correctly 1`] = `
<div
  className="listbox-class"
  id="test"
  role="listbox"
  style={
    {
      "position": "absolute",
      "zIndex": 4,
    }
  }
>
  <div>
    Fruit
  </div>
  Item
  Item
  <div>
    Vegetables
  </div>
  Item
  Item
</div>
`;
